// Jest Snapshot v1, https://goo.gl/fbAQLP

exports[`<Alert/> should match correctly 1`] = `"<div class=\\"Alert__Container-l9ph2f-0 lwAmd\\">test</div>"`;
