// Jest Snapshot v1, https://goo.gl/fbAQLP

exports[`<Avatar/> should match correctly 1`] = `"<div size=\\"50\\" class=\\"Avatar__Container-tewe7y-0 bkZJif\\"><div size=\\"50\\" class=\\"Avatar__Nickname-tewe7y-2 fFVjoY\\">t</div></div>"`;
