// Jest Snapshot v1, https://goo.gl/fbAQLP

exports[`<Layout/> should match correctly 1`] = `"<div class=\\"Layout__App-sc-70i2gn-0 bdPUDV\\"><div class=\\"Alert__Container-l9ph2f-0 lwAmd\\"></div><header class=\\"Layout__Header-sc-70i2gn-1 hzSsnj\\"><div><svg aria-hidden=\\"true\\" focusable=\\"false\\" data-prefix=\\"fas\\" data-icon=\\"chevron-left\\" class=\\"svg-inline--fa fa-chevron-left fa-w-10 Icons__StyledIcon-khcp93-0 bOobqK faChevronLeft\\" role=\\"img\\" xmlns=\\"http://www.w3.org/2000/svg\\" viewBox=\\"0 0 320 512\\" iconsize=\\"24\\" color=\\"purple\\"><path fill=\\"currentColor\\" d=\\"M34.52 239.03L228.87 44.69c9.37-9.37 24.57-9.37 33.94 0l22.67 22.67c9.36 9.36 9.37 24.52.04 33.9L131.49 256l154.02 154.75c9.34 9.38 9.32 24.54-.04 33.9l-22.67 22.67c-9.37 9.37-24.57 9.37-33.94 0L34.52 272.97c-9.37-9.37-9.37-24.57 0-33.94z\\"></path></svg></div><div class=\\"Layout__PageInfo-sc-70i2gn-2 gxWtzz\\"><div class=\\"Layout__PageDescription-sc-70i2gn-3 iFkwIu\\">메뉴</div><svg aria-hidden=\\"true\\" focusable=\\"false\\" data-prefix=\\"fas\\" data-icon=\\"sign-out-alt\\" class=\\"svg-inline--fa fa-sign-out-alt fa-w-16 Icons__StyledIcon-khcp93-0 jWqSFQ faSignOutAlt\\" role=\\"img\\" xmlns=\\"http://www.w3.org/2000/svg\\" viewBox=\\"0 0 512 512\\" iconsize=\\"24\\" color=\\"lightPurple\\"><path fill=\\"currentColor\\" d=\\"M497 273L329 441c-15 15-41 4.5-41-17v-96H152c-13.3 0-24-10.7-24-24v-96c0-13.3 10.7-24 24-24h136V88c0-21.4 25.9-32 41-17l168 168c9.3 9.4 9.3 24.6 0 34zM192 436v-40c0-6.6-5.4-12-12-12H96c-17.7 0-32-14.3-32-32V160c0-17.7 14.3-32 32-32h84c6.6 0 12-5.4 12-12V76c0-6.6-5.4-12-12-12H96c-53 0-96 43-96 96v192c0 53 43 96 96 96h84c6.6 0 12-5.4 12-12z\\"></path></svg></div></header></div>"`;
