// Jest Snapshot v1, https://goo.gl/fbAQLP

exports[`<SignUp/> should match correctly 1`] = `"<form class=\\"Login__Container-sc-1h2zokw-0 hoTOa-D\\"><div class=\\"Login__InputContainer-sc-1h2zokw-1 jPKskG\\"><label for=\\"user-nickname\\" class=\\"Login__Label-sc-1h2zokw-4 efwlLm\\">닉네임</label><input name=\\"user-nickname\\" placeholder=\\"닉네임\\" type=\\"text\\" class=\\"Login__TextInput-sc-1h2zokw-2 kGKXOg\\" value=\\"\\"></div><div class=\\"Login__InputContainer-sc-1h2zokw-1 jPKskG\\"><label for=\\"user-email\\" class=\\"Login__Label-sc-1h2zokw-4 efwlLm\\">이메일</label><input name=\\"user-email\\" placeholder=\\"example@example.com\\" type=\\"text\\" class=\\"Login__TextInput-sc-1h2zokw-2 kGKXOg\\" value=\\"\\"></div><div class=\\"Login__InputContainer-sc-1h2zokw-1 jPKskG\\"><label for=\\"user-password\\" class=\\"Login__Label-sc-1h2zokw-4 efwlLm\\">비밀번호</label><input name=\\"user-password\\" placeholder=\\"6자 이상 15자 이하\\" type=\\"password\\" class=\\"Login__PasswordInput-sc-1h2zokw-3 hDIsIn\\" value=\\"\\"></div><div class=\\"Login__InputContainer-sc-1h2zokw-1 jPKskG\\"><label for=\\"user-checkpassword\\" class=\\"Login__Label-sc-1h2zokw-4 efwlLm\\">비밀번호 확인</label><input name=\\"user-checkpassword\\" placeholder=\\"비밀번호 확인\\" type=\\"password\\" class=\\"Login__PasswordInput-sc-1h2zokw-3 hDIsIn\\" value=\\"\\"></div><br><button fill=\\"true\\" color=\\"purple\\" class=\\"Buttons__Button-dz1ezt-0 hoQPBz\\">회원가입</button></form>"`;
